// Jest Snapshot v1, https://goo.gl/fbAQLP

exports[`LineItem renders correctly 1`] = `null`;
